
> doublets-web-pages@0.1.0 build
> tsc --noEmit && vite build

vite v8.0.11 building client environment for production...
[2Ktransforming...✓ 1031 modules transformed.
rendering chunks...
computing gzip size...
dist/index.html                                0.63 kB │ gzip:   0.38 kB
dist/assets/playground-worker-DvBGUcUO.js      2.75 kB
dist/assets/codicon-ngg6Pgfi.ttf             121.97 kB
dist/assets/editor.worker-Bd9IXS8d.js        279.99 kB
dist/assets/ts.worker-METxwbDZ.js          6,894.27 kB
dist/assets/index-CmRS6Bv2.css               152.66 kB │ gzip:  24.46 kB
dist/assets/tsMode-fvBEqMju.js                22.97 kB │ gzip:   6.53 kB │ map:     87.10 kB
dist/assets/index-BKlFiwdP.js              3,646.45 kB │ gzip: 930.53 kB │ map: 13,379.14 kB

[33m[PLUGIN_TIMINGS] Warning:[0m Your build spent significant time in plugins. Here is a breakdown:
  - vite:worker (35%)
  - vite:worker-import-meta-url (28%)
  - vite:css (17%)
  - vite:build-import-analysis (11%)
See https://rolldown.rs/options/checks#plugintimings for more details.

✓ built in 5.27s
