
> doublets-web-pages@0.1.0 build
> tsc --noEmit && vite build

vite v8.0.11 building client environment for production...
[2Ktransforming...✓ 1031 modules transformed.
rendering chunks...
computing gzip size...
dist/index.html                                0.57 kB │ gzip:   0.35 kB
dist/assets/playground-worker-DvBGUcUO.js      2.75 kB
dist/assets/codicon-ngg6Pgfi.ttf             121.97 kB
dist/assets/editor.worker-Bd9IXS8d.js        279.99 kB
dist/assets/ts.worker-METxwbDZ.js          6,894.27 kB
dist/assets/index-CmRS6Bv2.css               152.66 kB │ gzip:  24.46 kB
dist/assets/tsMode-DoPlFGiw.js                22.97 kB │ gzip:   6.53 kB │ map:     87.10 kB
dist/assets/index-r465rvT9.js              3,646.33 kB │ gzip: 930.54 kB │ map: 13,379.00 kB

[plugin builtin:vite-reporter]
(!) Some chunks are larger than 500 kB after minification. Consider:
- Using dynamic import() to code-split the application
- Use build.rolldownOptions.output.codeSplitting to improve chunking: https://rolldown.rs/reference/OutputOptions.codeSplitting
- Adjust chunk size limit for this warning via build.chunkSizeWarningLimit.
[33m[PLUGIN_TIMINGS] Warning:[0m Your build spent significant time in plugins. Here is a breakdown:
  - vite:worker (32%)
  - vite:worker-import-meta-url (24%)
  - vite:css (22%)
  - vite:css-post (10%)
  - vite:build-import-analysis (9%)
See https://rolldown.rs/options/checks#plugintimings for more details.

✓ built in 5.39s
