npm notice
npm notice 📦  doublets-web@0.1.3
npm notice Tarball Contents
npm notice 1.2kB LICENSE
npm notice 2.6kB README.md
npm notice 19.2kB doublets_web_bg.js
npm notice 51.4kB doublets_web_bg.wasm
npm notice 1.6kB doublets_web.d.ts
npm notice 283B doublets_web.js
npm notice 764B package.json
npm notice Tarball Details
npm notice name: doublets-web
npm notice version: 0.1.3
npm notice filename: doublets-web-0.1.3.tgz
npm notice package size: 26.6 kB
npm notice unpacked size: 77.0 kB
npm notice shasum: 195968343f7ab91a3be292cf9b2c9bb7825bf758
npm notice integrity: sha512-GTrj4jlf2i42G[...]fttfjU28kbtiw==
npm notice total files: 7
npm notice
doublets-web-0.1.3.tgz
