npm notice
npm notice 📦  doublets-web@0.1.1
npm notice Tarball Contents
npm notice 9.7kB LICENSE_APACHE
npm notice 1.0kB LICENSE_MIT
npm notice 2.1kB README.md
npm notice 19.2kB doublets_web_bg.js
npm notice 51.8kB doublets_web_bg.wasm
npm notice 1.6kB doublets_web.d.ts
npm notice 283B doublets_web.js
npm notice 813B package.json
npm notice Tarball Details
npm notice name: doublets-web
npm notice version: 0.1.1
npm notice filename: doublets-web-0.1.1.tgz
npm notice package size: 30.2 kB
npm notice unpacked size: 86.6 kB
npm notice shasum: ce0eb32dc68b702d4d0e2060a43ea178216a9a44
npm notice integrity: sha512-JcUWwSgXQLnPZ[...]tdeTfrmeQh9qQ==
npm notice total files: 8
npm notice
doublets-web-0.1.1.tgz
