npm notice
npm notice 📦  doublets-web@0.1.2
npm notice Tarball Contents
npm notice 1.2kB LICENSE
npm notice 2.1kB README.md
npm notice 19.2kB doublets_web_bg.js
npm notice 51.8kB doublets_web_bg.wasm
npm notice 1.6kB doublets_web.d.ts
npm notice 283B doublets_web.js
npm notice 764B package.json
npm notice Tarball Details
npm notice name: doublets-web
npm notice version: 0.1.2
npm notice filename: doublets-web-0.1.2.tgz
npm notice package size: 26.5 kB
npm notice unpacked size: 76.9 kB
npm notice shasum: f154498fbd12d9c965fdc6b0ff0d83dd55452b23
npm notice integrity: sha512-pNLKUDPToOKg4[...]wwO6/4jVV6VRw==
npm notice total files: 7
npm notice
doublets-web-0.1.2.tgz
